// Jest Snapshot v1, https://goo.gl/fbAQLP

exports[`src | components | forms | PatchedReactTimeInput snapshot should match snapshot 1`] = `
ShallowWrapper {
  Symbol(enzyme.__root__): [Circular],
  Symbol(enzyme.__unrendered__): <PatchedReactTimeInput
    className=""
    disabled={false}
    initTime=""
    limitTimeInHours={2400}
    mountFocus={false}
    name="duration"
    placeholder="HH:MM"
    type="duration"
  />,
  Symbol(enzyme.__renderer__): Object {
    "batchedUpdates": [Function],
    "getNode": [Function],
    "render": [Function],
    "simulateError": [Function],
    "simulateEvent": [Function],
    "unmount": [Function],
  },
  Symbol(enzyme.__node__): Object {
    "instance": null,
    "key": undefined,
    "nodeType": "host",
    "props": Object {
      "className": "",
      "disabled": false,
      "name": "duration",
      "onBlur": undefined,
      "onChange": [Function],
      "onFocus": undefined,
      "placeholder": "HH:MM",
      "type": "duration",
      "value": "",
    },
    "ref": [Function],
    "rendered": null,
    "type": "input",
  },
  Symbol(enzyme.__nodes__): Array [
    Object {
      "instance": null,
      "key": undefined,
      "nodeType": "host",
      "props": Object {
        "className": "",
        "disabled": false,
        "name": "duration",
        "onBlur": undefined,
        "onChange": [Function],
        "onFocus": undefined,
        "placeholder": "HH:MM",
        "type": "duration",
        "value": "",
      },
      "ref": [Function],
      "rendered": null,
      "type": "input",
    },
  ],
  Symbol(enzyme.__options__): Object {
    "adapter": ReactSixteenAdapter {
      "options": Object {
        "enableComponentDidUpdateOnSetState": true,
        "lifecycles": Object {
          "componentDidUpdate": Object {
            "onSetState": true,
          },
          "getDerivedStateFromProps": true,
          "getSnapshotBeforeUpdate": true,
          "setState": Object {
            "skipsComponentDidUpdateOnNullish": true,
          },
        },
      },
    },
  },
}
`;
